$ kubectl get ingressclasses
NAME     CONTROLLER             PARAMETERS   AGE
public   k8s.io/ingress-nginx   <none>       45h
nginx    k8s.io/ingress-nginx   <none>       45h
$ kubectl apply -f ingress-test.yaml 
deployment.apps/pk created
service/pk created
ingress.networking.k8s.io/pk created
$ curl 209.38.243.80                     
<!DOCTYPE html>
<html>
<head>
<title>Welcome to nginx!</title>
<style>
html { color-scheme: light dark; }
body { width: 35em; margin: 0 auto;
font-family: Tahoma, Verdana, Arial, sans-serif; }
</style>
</head>
<body>
<h1>Welcome to nginx!</h1>
<p>If you see this page, the nginx web server is successfully installed and
working. Further configuration is required.</p>

<p>For online documentation and support please refer to
<a href="http://nginx.org/">nginx.org</a>.<br/>
Commercial support is available at
<a href="http://nginx.com/">nginx.com</a>.</p>

<p><em>Thank you for using nginx.</em></p>
</body>
</html>
$ kubectl apply -f ./fanout/*       
error: Unexpected args: [./fanout/fanout-host.yaml ./fanout/fanout.yaml]
See 'kubectl apply -h' for help and examples
$ kubectl apply -f fanout/*  
error: Unexpected args: [fanout/fanout-host.yaml fanout/fanout.yaml]
See 'kubectl apply -h' for help and examples
$ kubectl apply -f ./fanout/*
error: Unexpected args: [./fanout/fanout-host.yaml ./fanout/fanout.yaml]
See 'kubectl apply -h' for help and examples
$