$ kubectl apply -f google-service.yaml
service/google-service created
$ kubectl exec -ti myapp-pod -- curl google-service
Error from server (NotFound): pods "myapp-pod" not found
$ kubectl exec -ti myapp-pod -- curl google-service
<!DOCTYPE html>
<html lang=en>
  <meta charset=utf-8>
  <meta name=viewport content="initial-scale=1, minimum-scale=1, width=device-width">
  <title>Error 404 (Not Found)!!1</title>
  <style>
    *{margin:0;padding:0}html,code{font:15px/22px arial,sans-serif}html{background:#fff;color:#222;padding:15px}body{margin:7% auto 0;max-width:390px;min-height:180px;padding:30px 0 15px}* > body{background:url(//www.google.com/images/errors/robot.png) 100% 5px no-repeat;padding-right:205px}p{margin:11px 0 22px;overflow:hidden}ins{color:#777;text-decoration:none}a img{border:0}@media screen and (max-width:772px){body{background:none;margin-top:0;max-width:none;padding-right:0}}#logo{background:url(//www.google.com/images/branding/googlelogo/1x/googlelogo_color_150x54dp.png) no-repeat;margin-left:-5px}@media only screen and (min-resolution:192dpi){#logo{background:url(//www.google.com/images/branding/googlelogo/2x/googlelogo_color_150x54dp.png) no-repeat 0% 0%/100% 100%;-moz-border-image:url(//www.google.com/images/branding/googlelogo/2x/googlelogo_color_150x54dp.png) 0}}@media only screen and (-webkit-min-device-pixel-ratio:2){#logo{background:url(//www.google.com/images/branding/googlelogo/2x/googlelogo_color_150x54dp.png) no-repeat;-webkit-background-size:100% 100%}}#logo{display:inline-block;height:54px;width:150px}
  </style>
$ kubectl apply -f google-service.yaml             
service/google-service created
$ kubectl exec -ti myapp-pod -- curl google-service
<!DOCTYPE html>
<html lang=en>
  <meta charset=utf-8>
  <meta name=viewport content="initial-scale=1, minimum-scale=1, width=device-width">
  <title>Error 404 (Not Found)!!1</title>
  <style>
    *{margin:0;padding:0}html,code{font:15px/22px arial,sans-serif}html{background:#fff;color:#222;padding:15px}body{margin:7% auto 0;max-width:390px;min-height:180px;padding:30px 0 15px}* > body{background:url(//www.google.com/images/errors/robot.png) 100% 5px no-repeat;padding-right:205px}p{margin:11px 0 22px;overflow:hidden}ins{color:#777;text-decoration:none}a img{border:0}@media screen and (max-width:772px){body{background:none;margin-top:0;max-width:none;padding-right:0}}#logo{background:url(//www.google.com/images/branding/googlelogo/1x/googlelogo_color_150x54dp.png) no-repeat;margin-left:-5px}@media only screen and (min-resolution:192dpi){#logo{background:url(//www.google.com/images/branding/googlelogo/2x/googlelogo_color_150x54dp.png) no-repeat 0% 0%/100% 100%;-moz-border-image:url(//www.google.com/images/branding/googlelogo/2x/googlelogo_color_150x54dp.png) 0}}@media only screen and (-webkit-min-device-pixel-ratio:2){#logo{background:url(//www.google.com/images/branding/googlelogo/2x/googlelogo_color_150x54dp.png) no-repeat;-webkit-background-size:100% 100%}}#logo{display:inline-block;height:54px;width:150px}
  </style>
  <a href=//www.google.com/><span id=logo aria-label=Google></span></a>
  <p><b>404.</b> <ins>That’s an error.</ins>
  <p>The requested URL <code>/</code> was not found on this server.  <ins>That’s all we know.</ins>
$ kubectl get svc                                  
NAME             TYPE           CLUSTER-IP     EXTERNAL-IP   PORT(S)   AGE
kubernetes       ClusterIP      10.152.183.1   <none>        443/TCP   69s
google-service   ExternalName   <none>         google.com    <none>    17s
$ kubectl get endpoints                            
NAME         ENDPOINTS             AGE
kubernetes   209.38.243.80:16443   80s
$ kubectl apply -f .                               
service/my-service created
endpoints/my-service created
service/google-service unchanged
$ kubectl get endpoints
NAME         ENDPOINTS             AGE
kubernetes   209.38.243.80:16443   2m27s
my-service   172.18.126.1:9376     5s
$ kubectl get svc      
NAME             TYPE           CLUSTER-IP       EXTERNAL-IP   PORT(S)   AGE
kubernetes       ClusterIP      10.152.183.1     <none>        443/TCP   2m33s
google-service   ExternalName   <none>           google.com    <none>    101s
my-service       ClusterIP      10.152.183.224   <none>        80/TCP    11s
$ 