$ docker image build -t my-python .
[+] Building 11.3s (10/10) FINISHED                                                                                      
 => [internal] load .dockerignore                                                                                   0.0s
 => => transferring context: 2B                                                                                     0.0s
 => [internal] load build definition from Dockerfile                                                                0.0s
 => => transferring dockerfile: 263B                                                                                0.0s
 => [internal] load metadata for docker.io/library/python:3-alpine                                                  2.6s
 => [auth] library/python:pull token for registry-1.docker.io                                                       0.0s
 => [1/4] FROM docker.io/library/python:3-alpine@sha256:4e8e9a59bf1b3ca8e030244bc5f801f23e41e37971907371da21191312  1.7s
 => => resolve docker.io/library/python:3-alpine@sha256:4e8e9a59bf1b3ca8e030244bc5f801f23e41e37971907371da21191312  0.0s
 => => sha256:0357922e53aa8671e175f58d46bfd245908047b81e66370f634863785fe0c70e 622.30kB / 622.30kB                  0.3s
 => => sha256:9676b6d4b9645b8d9a67d1ec16c5d2c72ce8406a9cc72fd4fc9e7d5c1b5916cd 12.41MB / 12.41MB                    0.7s
 => => sha256:ddbd03ee105940853f5ee34fdb441c4f187fa26476dfa7107560e172deb6c371 240B / 240B                          0.2s
 => => sha256:4e8e9a59bf1b3ca8e030244bc5f801f23e41e37971907371da21191312087a07 1.65kB / 1.65kB                      0.0s
 => => sha256:caafba876f841774905f73df0fcaf7fe3f55aaf9cb48a9e369a41077f860d4a7 1.37kB / 1.37kB                      0.0s
 => => sha256:b6b068cda0cf592463549591ed736c4e87a6c5404335c09e01ba5b3eb0e9970b 6.26kB / 6.26kB                      0.0s
 => => sha256:877a053836a345f533aac43cc4b44f348d74b0c32ad3778147d4c4a143b5ce68 3.08MB / 3.08MB                      0.8s
 => => extracting sha256:0357922e53aa8671e175f58d46bfd245908047b81e66370f634863785fe0c70e                           0.2s
 => => extracting sha256:9676b6d4b9645b8d9a67d1ec16c5d2c72ce8406a9cc72fd4fc9e7d5c1b5916cd                           0.5s
 => => extracting sha256:ddbd03ee105940853f5ee34fdb441c4f187fa26476dfa7107560e172deb6c371                           0.0s
 => => extracting sha256:877a053836a345f533aac43cc4b44f348d74b0c32ad3778147d4c4a143b5ce68                           0.3s
 => [internal] load build context                                                                                   0.0s
 => => transferring context: 3.21kB                                                                                 0.0s
 => [2/4] WORKDIR /usr/src/app                                                                                      0.1s
 => [3/4] COPY main.py requirements.txt ./                                                                          0.0s
 => [4/4] RUN pip install --no-cache-dir -r requirements.txt                                                        6.5s
 => exporting to image                                                                                              0.3s
 => => exporting layers                                                                                             0.3s
 => => writing image sha256:9df804b692ee85c4ffc73c3c4ef4982e9e0efb4fa7080be7e3803edf7b23d8a6                        0.0s
 => => naming to docker.io/library/my-python                                                                        0.0s
$ docker container run --name my-python -d my-python
1b40e68b5bf857c578b8ebc17b0fcde455cca45099b272a552e3d017362dd5cc
$ docker container port my-python 
$ docker container rm -f my-python
my-python
$ docker container run --name my-python -d -P my-python
af5d4b30cdbb309871e0748aeaa4db3a0d2f630927000522c77a9f1ddb605ae7
$ docker container port my-python                     
5002/tcp -> 0.0.0.0:32771
$ curl localhost:32771/healthz        
{"message":"Service is NOT OK","hostname":"af5d4b30cdbb"}
$ docker container run --name my-redis -d redis
Unable to find image 'redis:latest' locally
latest: Pulling from library/redis
9e3ea8720c6d: Pull complete 
7bb0a593ef8e: Pull complete 
1563ab48b627: Pull complete 
e71aa54519a0: Pull complete 
e43bffb29bfd: Pull complete 
a8fb6ae3ba1b: Pull complete 
Digest: sha256:ea30bef6a1424d032295b90db20a869fc8db76331091543b7a80175cede7d887
Status: Downloaded newer image for redis:latest
d4a2a612cb2f98c64f304791c21ca59f7142c80c4e4acca8bd5085aa2fa192f0
$ docker container inspect my-redis
[
    {
        "Id": "d4a2a612cb2f98c64f304791c21ca59f7142c80c4e4acca8bd5085aa2fa192f0",
        "Created": "2023-05-18T16:14:45.044631707Z",
        "Path": "docker-entrypoint.sh",
        "Args": [
            "redis-server"
        ],
        "State": {
            "Status": "running",
            "Running": true,
            "Paused": false,
            "Restarting": false,
            "OOMKilled": false,
            "Dead": false,
            "Pid": 98961,
            "ExitCode": 0,
            "Error": "",
            "StartedAt": "2023-05-18T16:14:45.839718902Z",
            "FinishedAt": "0001-01-01T00:00:00Z"
        },
        "Image": "sha256:116cad43b6aff97c73227088f04da7eaec57aeb40923fc8cc99043663207e944",
        "ResolvConfPath": "/var/lib/docker/containers/d4a2a612cb2f98c64f304791c21ca59f7142c80c4e4acca8bd5085aa2fa192f0/resolv.conf",
        "HostnamePath": "/var/lib/docker/containers/d4a2a612cb2f98c64f304791c21ca59f7142c80c4e4acca8bd5085aa2fa192f0/hostname",
        "HostsPath": "/var/lib/docker/containers/d4a2a612cb2f98c64f304791c21ca59f7142c80c4e4acca8bd5085aa2fa192f0/hosts",
        "LogPath": "/var/lib/docker/containers/d4a2a612cb2f98c64f304791c21ca59f7142c80c4e4acca8bd5085aa2fa192f0/d4a2a612cb2f98c64f304791c21ca59f7142c80c4e4acca8bd5085aa2fa192f0-json.log",
        "Name": "/my-redis",
        "RestartCount": 0,
        "Driver": "overlay2",
        "Platform": "linux",
        "MountLabel": "",
        "ProcessLabel": "",
        "AppArmorProfile": "",
        "ExecIDs": null,
        "HostConfig": {
            "Binds": null,
            "ContainerIDFile": "",
            "LogConfig": {
                "Type": "json-file",
                "Config": {}
            },
            "NetworkMode": "default",
            "PortBindings": {},
            "RestartPolicy": {
                "Name": "no",
                "MaximumRetryCount": 0
            },
            "AutoRemove": false,
            "VolumeDriver": "",
            "VolumesFrom": null,
            "ConsoleSize": [
                18,
                121
            ],
            "CapAdd": null,
            "CapDrop": null,
            "CgroupnsMode": "private",
            "Dns": [],
            "DnsOptions": [],
            "DnsSearch": [],
            "ExtraHosts": null,
            "GroupAdd": null,
            "IpcMode": "private",
            "Cgroup": "",
            "Links": null,
            "OomScoreAdj": 0,
            "PidMode": "",
            "Privileged": false,
            "PublishAllPorts": false,
            "ReadonlyRootfs": false,
            "SecurityOpt": null,
            "UTSMode": "",
            "UsernsMode": "",
            "ShmSize": 67108864,
            "Runtime": "runc",
            "Isolation": "",
            "CpuShares": 0,
            "Memory": 0,
            "NanoCpus": 0,
            "CgroupParent": "",
            "BlkioWeight": 0,
            "BlkioWeightDevice": [],
            "BlkioDeviceReadBps": [],
            "BlkioDeviceWriteBps": [],
            "BlkioDeviceReadIOps": [],
            "BlkioDeviceWriteIOps": [],
            "CpuPeriod": 0,
            "CpuQuota": 0,
            "CpuRealtimePeriod": 0,
            "CpuRealtimeRuntime": 0,
            "CpusetCpus": "",
            "CpusetMems": "",
            "Devices": [],
            "DeviceCgroupRules": null,
            "DeviceRequests": null,
            "MemoryReservation": 0,
            "MemorySwap": 0,
            "MemorySwappiness": null,
            "OomKillDisable": null,
            "PidsLimit": null,
            "Ulimits": null,
            "CpuCount": 0,
            "CpuPercent": 0,
            "IOMaximumIOps": 0,
            "IOMaximumBandwidth": 0,
            "MaskedPaths": [
                "/proc/asound",
                "/proc/acpi",
                "/proc/kcore",
                "/proc/keys",
                "/proc/latency_stats",
                "/proc/timer_list",
                "/proc/timer_stats",
                "/proc/sched_debug",
                "/proc/scsi",
                "/sys/firmware"
            ],
            "ReadonlyPaths": [
                "/proc/bus",
                "/proc/fs",
                "/proc/irq",
                "/proc/sys",
                "/proc/sysrq-trigger"
            ]
        },
        "GraphDriver": {
            "Data": {
                "LowerDir": "/var/lib/docker/overlay2/7b87c05ca1431b929905684dee440e8efe08cf059650776616aefcf896e7744e-init/diff:/var/lib/docker/overlay2/755eb3e16d3e71baa1047f0d45d01ba494560bf118b98e6881c17fe217f64a63/diff:/var/lib/docker/overlay2/61f2858343c75837d9c1703eb9810b9a9eb9566243046c362b6b7739b6df5a0e/diff:/var/lib/docker/overlay2/7f8153025609472f86fbb41b968d87ce690f72bc1395fbad3678698330bda789/diff:/var/lib/docker/overlay2/2ed7544dbde8708e464f90b2b9d0ce32a1f322657056ffd4401c39f4c56ddd64/diff:/var/lib/docker/overlay2/128930edf0bdc3675b505680835dfc98bf0eb24d9750099cefce4cb3a43ea109/diff:/var/lib/docker/overlay2/afbbb0e4e6d5e5ae4fd9cecfc990a69d38d795f6db3a848ea83027cc2655e61a/diff",
                "MergedDir": "/var/lib/docker/overlay2/7b87c05ca1431b929905684dee440e8efe08cf059650776616aefcf896e7744e/merged",
                "UpperDir": "/var/lib/docker/overlay2/7b87c05ca1431b929905684dee440e8efe08cf059650776616aefcf896e7744e/diff",
                "WorkDir": "/var/lib/docker/overlay2/7b87c05ca1431b929905684dee440e8efe08cf059650776616aefcf896e7744e/work"
            },
            "Name": "overlay2"
        },
        "Mounts": [
            {
                "Type": "volume",
                "Name": "8b952c099f49abef3888272b5abcf873bd6024cc90c1300450ee00100e7d7d2e",
                "Source": "/var/lib/docker/volumes/8b952c099f49abef3888272b5abcf873bd6024cc90c1300450ee00100e7d7d2e/_data",
                "Destination": "/data",
                "Driver": "local",
                "Mode": "",
                "RW": true,
                "Propagation": ""
            }
        ],
        "Config": {
            "Hostname": "d4a2a612cb2f",
            "Domainname": "",
            "User": "",
            "AttachStdin": false,
            "AttachStdout": false,
            "AttachStderr": false,
            "ExposedPorts": {
                "6379/tcp": {}
            },
            "Tty": false,
            "OpenStdin": false,
            "StdinOnce": false,
            "Env": [
                "PATH=/usr/local/sbin:/usr/local/bin:/usr/sbin:/usr/bin:/sbin:/bin",
                "GOSU_VERSION=1.16",
                "REDIS_VERSION=7.0.11",
                "REDIS_DOWNLOAD_URL=http://download.redis.io/releases/redis-7.0.11.tar.gz",
                "REDIS_DOWNLOAD_SHA=ce250d1fba042c613de38a15d40889b78f7cb6d5461a27e35017ba39b07221e3"
            ],
            "Cmd": [
                "redis-server"
            ],
            "Image": "redis",
            "Volumes": {
                "/data": {}
            },
            "WorkingDir": "/data",
            "Entrypoint": [
                "docker-entrypoint.sh"
            ],
            "OnBuild": null,
            "Labels": {}
        },
        "NetworkSettings": {
            "Bridge": "",
            "SandboxID": "d133672ec29aa99a6e264d1a654be498dfbf7756a2a94358471f56deab8a875c",
            "HairpinMode": false,
            "LinkLocalIPv6Address": "",
            "LinkLocalIPv6PrefixLen": 0,
            "Ports": {
                "6379/tcp": null
            },
            "SandboxKey": "/var/run/docker/netns/d133672ec29a",
            "SecondaryIPAddresses": null,
            "SecondaryIPv6Addresses": null,
            "EndpointID": "d64bbbb9cb8f98b219b00d963e28c706de556e38ac5f7bd3b6e8247eeffe17f7",
            "Gateway": "172.17.0.1",
            "GlobalIPv6Address": "",
            "GlobalIPv6PrefixLen": 0,
            "IPAddress": "172.17.0.3",
            "IPPrefixLen": 16,
            "IPv6Gateway": "",
            "MacAddress": "02:42:ac:11:00:03",
            "Networks": {
                "bridge": {
                    "IPAMConfig": null,
                    "Links": null,
                    "Aliases": null,
                    "NetworkID": "7e122427830e4d22bb2eecd4c8339a0dae94b84964e4a2560099db463860b1e4",
                    "EndpointID": "d64bbbb9cb8f98b219b00d963e28c706de556e38ac5f7bd3b6e8247eeffe17f7",
                    "Gateway": "172.17.0.1",
                    "IPAddress": "172.17.0.3",
                    "IPPrefixLen": 16,
                    "IPv6Gateway": "",
                    "GlobalIPv6Address": "",
                    "GlobalIPv6PrefixLen": 0,
                    "MacAddress": "02:42:ac:11:00:03",
                    "DriverOpts": null
                }
            }
        }
    }
]
$ docker container ls
CONTAINER ID   IMAGE       COMMAND                  CREATED         STATUS         PORTS                     NAMES
d4a2a612cb2f   redis       "docker-entrypoint.s…"   6 minutes ago   Up 6 minutes   6379/tcp                  my-redis
af5d4b30cdbb   my-python   "uvicorn main:app --…"   7 minutes ago   Up 7 minutes   0.0.0.0:32771->5002/tcp   my-python
$ docker container rm -f my-python
my-python
$ docker container run -e REDIS_HOST=172.17.0.3 --name my-python -d -p 5001:5002 my-python 
1dc5da766ab649053acd4ebc039ec4394ea9ac54c91323bfcdc45ca23e5f0dc4
$ docker container port my-python 
5002/tcp -> 0.0.0.0:5001
$ curl localhost:5001/healthz                  
{"message":"Service is OK","hostname":"1dc5da766ab6"}
$ curl localhost:5001/api/v1/info
{"message":"Counter","hostname":"1dc5da766ab6","value":0}
$ curl -XPOST localhost:5001/api/v1/info
{"message":"OK","hostname":"1dc5da766ab6"}
$ curl -XPOST localhost:5001/api/v1/info
{"message":"OK","hostname":"1dc5da766ab6"}
$ curl -XPOST localhost:5001/api/v1/info
{"message":"OK","hostname":"1dc5da766ab6"}
$ curl localhost:5001/api/v1/info       
{"message":"Counter","hostname":"1dc5da766ab6","value":"3"}
$ docker container run -e REDIS_HOST=172.17.0.3 -e LOG_LEVEL=DEBUG -d -P my-python               
ac879f063fc8c0ddfeba6e5ae704148a935d7c43c6e5f934dd3bbba14f957df3
$ docker container ls
CONTAINER ID   IMAGE       COMMAND                  CREATED              STATUS              PORTS                     NAMES
ac879f063fc8   my-python   "uvicorn main:app --…"   3 seconds ago        Up 2 seconds        0.0.0.0:32773->5002/tcp   elated_montalcini
65abe6ad1c05   my-python   "uvicorn main:app --…"   About a minute ago   Up About a minute   0.0.0.0:5001->5002/tcp    my-python
d4a2a612cb2f   redis       "docker-entrypoint.s…"   10 minutes ago       Up 10 minutes       6379/tcp                  my-redis
$ docker container logs elated_montalcini
2023-05-18 16:25:36,406 [1] INFO: LOG_LEVEL has value DEBUG
2023-05-18 16:25:36,406 [1] INFO: REDIS_HOST has value 172.17.0.3
2023-05-18 16:25:36,406 [1] INFO: REDIS_PORT has value 6379
2023-05-18 16:25:36,408 [1] INFO: Started server process [1]
2023-05-18 16:25:36,408 [1] INFO: Waiting for application startup.
2023-05-18 16:25:36,408 [1] INFO: Application startup complete.
2023-05-18 16:25:36,409 [1] INFO: Uvicorn running on http://0.0.0.0:5002 (Press CTRL+C to quit)
$ docker container logs my-python        
2023-05-18 16:24:09,253 [1] INFO: LOG_LEVEL has value INFO
2023-05-18 16:24:09,253 [1] INFO: REDIS_HOST has value 172.17.0.3
2023-05-18 16:24:09,253 [1] INFO: REDIS_PORT has value 6379
2023-05-18 16:24:09,254 [1] INFO: Started server process [1]
2023-05-18 16:24:09,254 [1] INFO: Waiting for application startup.
2023-05-18 16:24:09,255 [1] INFO: Application startup complete.
2023-05-18 16:24:09,255 [1] INFO: Uvicorn running on http://0.0.0.0:5002 (Press CTRL+C to quit)
$ 